apps/api/src/modules/crew/crew.controller.ts(29,49): error TS2322: Type 'string | undefined' is not assignable to type '"OTHER" | "MASTER" | "CHIEF_OFFICER" | "SECOND_OFFICER" | "THIRD_OFFICER" | "DECK_OFFICER" | "CHIEF_ENGINEER" | "SECOND_ENGINEER" | "THIRD_ENGINEER" | "ENGINE_OFFICER" | "ELECTRO_TECHNICAL_OFFICER" | ... 7 more ... | undefined'.
  Type 'string' is not assignable to type '"OTHER" | "MASTER" | "CHIEF_OFFICER" | "SECOND_OFFICER" | "THIRD_OFFICER" | "DECK_OFFICER" | "CHIEF_ENGINEER" | "SECOND_ENGINEER" | "THIRD_ENGINEER" | "ENGINE_OFFICER" | "ELECTRO_TECHNICAL_OFFICER" | ... 7 more ... | undefined'.
apps/api/src/modules/crew/crew.service.ts(68,9): error TS2322: Type 'string | undefined' is not assignable to type 'string'.
  Type 'undefined' is not assignable to type 'string'.
apps/api/src/modules/crew/crew.service.ts(96,9): error TS2322: Type 'string' is not assignable to type 'EnumCrewStatusFilter<"CrewMember"> | CrewStatus | undefined'.
apps/api/src/modules/crew/crew.service.ts(168,9): error TS2353: Object literal may only specify known properties, and 'safeManningRequirements' does not exist in type 'VesselInclude<DefaultArgs>'.
apps/api/src/modules/crew/crew.service.ts(178,32): error TS2339: Property 'crewMembers' does not exist on type '{ type: VesselType; name: string; id: string; createdAt: Date; updatedAt: Date; imoNumber: string; officialNumber: string | null; callSign: string | null; mmsi: string | null; ... 18 more ...; status: VesselStatus; }'.
apps/api/src/modules/crew/crew.service.ts(179,32): error TS2339: Property 'safeManningRequirements' does not exist on type '{ type: VesselType; name: string; id: string; createdAt: Date; updatedAt: Date; imoNumber: string; officialNumber: string | null; callSign: string | null; mmsi: string | null; ... 18 more ...; status: VesselStatus; }'.
apps/api/src/modules/crew/crew.service.ts(196,56): error TS7006: Parameter 'req' implicitly has an 'any' type.
apps/api/src/modules/documents/ai-extraction.service.ts(23,75): error TS18046: 'error' is of type 'unknown'.
